---
source: crates/zendriver-mcp/tests/schema_snapshots.rs
expression: "schema_for! (tools::expect::DialogAction)"
---
$schema: "https://json-schema.org/draft/2020-12/schema"
title: DialogAction
description: "How to drive a matched JavaScript dialog (`kind: dialog` only).\n\nApplied by the spawned task the instant the dialog opens — so the page's\nblocking `alert()` / `confirm()` / `prompt()` call returns promptly and\nthe matched event carries the chosen action. Omitting `dialog_action`\nleaves the dialog untouched: the matched handle is dropped without\ndispatching `Page.handleJavaScriptDialog` (`MatchedDialog` has no `Drop`\nimpl, so nothing is sent to Chrome), so the dialog stays open and the\npage's blocking JS call does not return until something else resolves\nit. Use this to merely observe that a dialog opened without acting on\nit."
oneOf:
  - description: "Accept the dialog. For a `prompt`, submit `dialog_prompt_text` (or the\ndialog's default value when that is unset)."
    type: string
    const: accept
  - description: Dismiss / cancel the dialog.
    type: string
    const: dismiss
