---
source: crates/zendriver-mcp/tests/schema_snapshots.rs
expression: "schema_for! (tools::stealth::SetStealthProfileOutput)"
---
$schema: "https://json-schema.org/draft/2020-12/schema"
title: SetStealthProfileOutput
description: "Output of `browser_set_stealth_profile`."
type: object
properties:
  active_overrides:
    description: The fine-grained overrides now configured for the next open.
    $ref: "#/$defs/StealthOverrides"
  active_profile:
    description: The profile that is now configured as the session default.
    $ref: "#/$defs/StealthProfileChoice"
  takes_effect_on_next_open:
    description: "`true` iff a browser is currently open. When `true`, the new\nprofile only applies after `browser_close` + `browser_open`. When\n`false`, the next `browser_open` call will pick it up directly."
    type: boolean
required:
  - active_profile
  - active_overrides
  - takes_effect_on_next_open
$defs:
  StealthOverrides:
    description: "Fine-grained stealth fingerprint overrides layered onto the chosen\n[`StealthProfileChoice`] at the next `browser_open`.\n\nEvery field is optional — an unset field leaves the base profile's value\nin place. Most meaningful paired with a `spoof_*` profile; applying these\nto `native` overrides the auto-detected real fingerprint and can *reduce*\nstealth if the values disagree with the host."
    type: object
    properties:
      bypass_csp:
        description: Toggle Content-Security-Policy bypass.
        type:
          - boolean
          - "null"
      chrome_version:
        description: Spoofed Chrome major version.
        type:
          - integer
          - "null"
        format: uint32
        minimum: 0
      cpu_count:
        description: "Spoofed `navigator.hardwareConcurrency`."
        type:
          - integer
          - "null"
        format: uint32
        minimum: 0
      locale:
        description: "Spoofed locale (e.g. `\"en-US\"`)."
        type:
          - string
          - "null"
      memory_gb:
        description: "Spoofed `navigator.deviceMemory` in GiB."
        type:
          - integer
          - "null"
        format: uint32
        minimum: 0
      platform:
        description: "Spoofed `navigator.platform` / UA platform token."
        anyOf:
          - $ref: "#/$defs/StealthPlatformChoice"
          - type: "null"
      timezone:
        description: "Spoofed timezone (IANA name, e.g. `\"America/New_York\"`)."
        type:
          - string
          - "null"
      user_agent:
        description: Full User-Agent string override.
        type:
          - string
          - "null"
    additionalProperties: false
  StealthPlatformChoice:
    description: "Platform to spoof via a fine-grained stealth override.\n\nWire mirror of `zendriver::stealth::Platform`; kept here (platform-agnostic)\nso the override schema stays stable independent of host detection."
    oneOf:
      - description: Windows.
        type: string
        const: win32
      - description: macOS (Intel).
        type: string
        const: mac_intel
      - description: Linux x86_64.
        type: string
        const: linux_x86_64
  StealthProfileChoice:
    description: "Stealth profile choice carried over the MCP wire.\n\nConcrete `StealthProfile` resolution happens inside the lifecycle\nhandler (it depends on platform detection that only matters at launch\ntime); the wire-level enum stays stable and platform-agnostic."
    oneOf:
      - description: "Defer to `zendriver_stealth::StealthProfile::native()` (auto-detect\nplatform via `sysinfo`)."
        type: string
        const: auto
      - description: "Force native (same as `Auto`, but explicit)."
        type: string
        const: native
      - description: Spoof a macOS fingerprint regardless of host platform.
        type: string
        const: spoof_macos
      - description: Spoof a Linux fingerprint regardless of host platform.
        type: string
        const: spoof_linux
      - description: Spoof a Windows fingerprint regardless of host platform.
        type: string
        const: spoof_windows
