---
source: crates/zendriver-mcp/tests/schema_snapshots.rs
expression: "schema_for! (tools::actions::SetValueInput)"
---
$schema: "https://json-schema.org/draft/2020-12/schema"
title: SetValueInput
description: "Input for `browser_set_value`."
type: object
properties:
  css:
    type:
      - string
      - "null"
  frame_id:
    type:
      - string
      - "null"
  mode:
    description: "Whether `value` targets the `.value` property (form fields) or\n`textContent` (other elements). Default `value`."
    $ref: "#/$defs/SetValueMode"
    default: value
  nth:
    type:
      - integer
      - "null"
    format: uint
    minimum: 0
  return_snapshot:
    description: "When `true`, include the trimmed page HTML in the response."
    type: boolean
    default: false
  role:
    type:
      - string
      - "null"
  role_name:
    type:
      - string
      - "null"
  text:
    type:
      - string
      - "null"
  text_exact:
    type:
      - string
      - "null"
  text_regex:
    type:
      - string
      - "null"
  timeout_ms:
    type: integer
    format: uint64
    default: 5000
    minimum: 0
  value:
    description: New value / text for the element.
    type: string
  visible_only:
    type: boolean
    default: true
  xpath:
    type:
      - string
      - "null"
additionalProperties: false
required:
  - value
$defs:
  SetValueMode:
    description: "Which property `browser_set_value` writes."
    oneOf:
      - description: "Set the element's `.value` property + fire `input`/`change` (form\nfields). Default."
        type: string
        const: value
      - description: "Set the element's `textContent` (non-form elements like `<div>`)."
        type: string
        const: text
