---
source: crates/zendriver-mcp/tests/schema_snapshots.rs
expression: "schema_for! (tools::cookies::CookiesClearOutput)"
---
$schema: "https://json-schema.org/draft/2020-12/schema"
title: CookiesClearOutput
description: "Output of `browser_cookies_clear`."
type: object
properties:
  ok:
    description: "Always `true` when the call succeeded."
    type: boolean
required:
  - ok
