---
source: crates/zendriver-mcp/tests/schema_snapshots.rs
expression: "schema_for! (tools::actions::PressInput)"
---
$schema: "https://json-schema.org/draft/2020-12/schema"
title: PressInput
description: "Input for `browser_press`."
type: object
properties:
  css:
    type:
      - string
      - "null"
  frame_id:
    type:
      - string
      - "null"
  key:
    description: "Named special key (e.g. \"Enter\", \"Tab\", \"ArrowUp\") OR a single\ncharacter (e.g. \"a\"). Special-key names are case-insensitive."
    type: string
  modifiers:
    description: "Modifier keys to hold while pressing `key` (a chord, e.g.\n`[\"ctrl\"]` + `key: \"a\"` for select-all). Default none."
    type: array
    default: []
    items:
      $ref: "#/$defs/ModifierArg"
  nth:
    type:
      - integer
      - "null"
    format: uint
    minimum: 0
  return_snapshot:
    description: "When `true`, include the trimmed page HTML in the response."
    type: boolean
    default: false
  role:
    type:
      - string
      - "null"
  role_name:
    type:
      - string
      - "null"
  text:
    type:
      - string
      - "null"
  text_exact:
    type:
      - string
      - "null"
  text_regex:
    type:
      - string
      - "null"
  timeout_ms:
    type: integer
    format: uint64
    default: 5000
    minimum: 0
  visible_only:
    type: boolean
    default: true
  xpath:
    type:
      - string
      - "null"
additionalProperties: false
required:
  - key
$defs:
  ModifierArg:
    description: "MCP-layer keyboard-modifier flag, mapped onto [`zendriver::KeyModifiers`].\n\nShared by coordinate-mouse clicks (`browser_mouse`) and keyboard chords\n(`browser_press` / `browser_key_sequence`)."
    oneOf:
      - description: "`Alt` (Option on macOS)."
        type: string
        const: alt
      - description: "`Control`."
        type: string
        const: ctrl
      - description: "`Meta` (Command on macOS, Windows key on Windows)."
        type: string
        const: meta
      - description: "`Shift`."
        type: string
        const: shift
